[dotenv@17.3.1] injecting env (0) from .env -- tip: ???? prevent committing .env to code: https://dotenvx.com/precommit
LlmProvider initialized
NVIDIA Base URL: https://integrate.api.nvidia.com/v1
NVIDIA LLM Model: moonshotai/kimi-k2-thinking
NVIDIA Embedding Model: baai/bge-m3
Testing JSON Fix...
{"level":40,"time":"2026-03-28T05:05:01.518Z","service":"doctor-healix-ai-service","environment":"development","name":"doctor-healix-ai-service","provider":"nvidia_qwen","error":"Invalid method: json_schema. Supported methods are: jsonSchema, functionCalling, jsonMode","msg":"Structured LLM provider failed, trying next candidate"}
